{
    "candidatus_portiera_aleyrodidarum - genome.fasta - stub": {
        "content": [
            {
                "0": [
                    
                ],
                "1": [
                    
                ],
                "report": [
                    
                ],
                "versions": [
                    
                ]
            }
        ],
        "meta": {
            "nf-test": "0.9.0",
            "nextflow": "24.04.4"
        },
        "timestamp": "2024-09-13T11:41:51.692438"
    },
    "candidatus_portiera_aleyrodidarum - genome.fasta": {
        "content": [
            {
                "0": [
                    
                ],
                "1": [
                    
                ],
                "report": [
                    
                ],
                "versions": [
                    
                ]
            }
        ],
        "meta": {
            "nf-test": "0.9.0",
            "nextflow": "24.04.4"
        },
        "timestamp": "2024-09-13T11:41:48.121725"
    }
}